==> OpenBao server configuration:

Administrative Namespace: 
             Api Address: http://127.0.0.1:8200
                     Cgo: disabled
         Cluster Address: https://127.0.0.1:8201
   Environment Variables: ANTIGRAVITY_AGENT, ANTIGRAVITY_CLI_ALIAS, BUNDLED_DEBUGPY_PATH, COLORTERM, COMMAND_MODE, GIT_ASKPASS, HOME, HOMEBREW_CELLAR, HOMEBREW_PREFIX, HOMEBREW_REPOSITORY, INFOPATH, KAFKA_PORT, LANG, LESS, LOGNAME, LSCOLORS, LS_COLORS, MallocNanoZone, ORIGINAL_XDG_CURRENT_DESKTOP, OSLogRateLimit, PAGER, PATH, PWD, PYDEVD_DISABLE_FILE_VALIDATION, PYTHONSTARTUP, PYTHON_BASIC_REPL, SHELL, SHLVL, SSH_AUTH_SOCK, TERM, TERM_PROGRAM, TERM_PROGRAM_VERSION, TEST_ID, TMPDIR, USER, USER_ZDOTDIR, VSCODE_DEBUGPY_ADAPTER_ENDPOINTS, VSCODE_GIT_ASKPASS_EXTRA_ARGS, VSCODE_GIT_ASKPASS_MAIN, VSCODE_GIT_ASKPASS_NODE, VSCODE_GIT_IPC_HANDLE, VSCODE_INJECTION, VSCODE_PROFILE_INITIALIZED, VSCODE_PYTHON_AUTOACTIVATE_GUARD, XPC_FLAGS, XPC_SERVICE_NAME, ZDOTDIR, ZSH, _, __CFBundleIdentifier, __CF_USER_TEXT_ENCODING
              Go Version: go1.25.4
              Listener 1: tcp (addr: "127.0.0.1:8200", cluster address: "127.0.0.1:8201", max_request_duration: "1m30s", max_request_json_memory: "34078720", max_request_json_strings: "1000", max_request_size: "33554432", tls: "disabled")
               Log Level: 
           Recovery Mode: false
                 Storage: inmem
                 Version: OpenBao v2.0.0-HEAD, built 2025-11-24T14:37:04Z
             Version Sha: 4bfd70723d4f9b82be00e87b8c018ac661dd9b99

==> OpenBao server started! Log data will stream in below:

2025-12-18T21:39:33.728-0500 [INFO]  proxy environment: http_proxy="" https_proxy="" no_proxy=""
2025-12-18T21:39:33.729-0500 [WARN]  no `api_addr` value specified in config or in BAO_API_ADDR; falling back to detection if possible, but this value should be manually set
2025-12-18T21:39:33.732-0500 [INFO]  core: Initializing version history cache for core
2025-12-18T21:39:33.734-0500 [INFO]  core: security barrier not initialized
2025-12-18T21:39:33.734-0500 [INFO]  core: security barrier initialized: stored=1 shares=1 threshold=1
2025-12-18T21:39:33.734-0500 [INFO]  core: post-unseal setup starting
2025-12-18T21:39:33.739-0500 [INFO]  core: loaded wrapping token key
2025-12-18T21:39:33.740-0500 [INFO]  core: successfully setup plugin catalog: plugin-directory=""
2025-12-18T21:39:33.741-0500 [INFO]  core: reading transactional mount table
2025-12-18T21:39:33.742-0500 [INFO]  core: no mounts in transactional mount table; adding default mount table
2025-12-18T21:39:33.743-0500 [INFO]  core: successfully mounted: type=cubbyhole version="v2.0.0+builtin.bao" path=cubbyhole/ namespace="ID: root. Path: "
2025-12-18T21:39:33.744-0500 [INFO]  core: successfully mounted: type=system version="v2.0.0+builtin.bao" path=sys/ namespace="ID: root. Path: "
2025-12-18T21:39:33.746-0500 [INFO]  core: successfully mounted: type=identity version="v2.0.0+builtin.bao" path=identity/ namespace="ID: root. Path: "
2025-12-18T21:39:33.747-0500 [INFO]  core: reading transactional auth mount table
2025-12-18T21:39:33.747-0500 [INFO]  core: no auth mounts in transactional auth mount table; adding default auth mount table
2025-12-18T21:39:33.747-0500 [INFO]  core: successfully mounted: type=token version="v2.0.0+builtin.bao" path=token/ namespace="ID: root. Path: "
2025-12-18T21:39:33.747-0500 [INFO]  rollback: Starting the rollback manager with 256 workers
2025-12-18T21:39:33.748-0500 [INFO]  rollback: starting rollback manager
2025-12-18T21:39:33.748-0500 [INFO]  core: restoring leases
2025-12-18T21:39:33.750-0500 [INFO]  expiration: lease restore complete
2025-12-18T21:39:33.751-0500 [INFO]  identity: entities restored
2025-12-18T21:39:33.752-0500 [INFO]  identity: groups restored
2025-12-18T21:39:33.752-0500 [INFO]  core: Recorded vault version: vault version=2.0.0 upgrade time="2025-12-19 02:39:33.752036 +0000 UTC" build date=2025-11-24T14:37:04Z
2025-12-18T21:39:33.752-0500 [INFO]  core: post-unseal setup complete
2025-12-18T21:39:33.752-0500 [INFO]  core: root token generated
2025-12-18T21:39:33.752-0500 [INFO]  core: pre-seal teardown starting
2025-12-18T21:39:33.753-0500 [INFO]  rollback: stopping rollback manager
2025-12-18T21:39:33.753-0500 [INFO]  core: pre-seal teardown complete
2025-12-18T21:39:33.753-0500 [INFO]  core.cluster-listener.tcp: starting listener: listener_address=127.0.0.1:8201
2025-12-18T21:39:33.753-0500 [INFO]  core.cluster-listener: serving cluster requests: cluster_listen_address=127.0.0.1:8201
2025-12-18T21:39:33.754-0500 [INFO]  core: post-unseal setup starting
2025-12-18T21:39:33.754-0500 [INFO]  core: loaded wrapping token key
2025-12-18T21:39:33.754-0500 [INFO]  core: successfully setup plugin catalog: plugin-directory=""
2025-12-18T21:39:33.754-0500 [INFO]  core: reading transactional mount table
2025-12-18T21:39:33.754-0500 [INFO]  core: successfully mounted: type=system version="v2.0.0+builtin.bao" path=sys/ namespace="ID: root. Path: "
2025-12-18T21:39:33.754-0500 [INFO]  core: successfully mounted: type=identity version="v2.0.0+builtin.bao" path=identity/ namespace="ID: root. Path: "
2025-12-18T21:39:33.754-0500 [INFO]  core: successfully mounted: type=cubbyhole version="v2.0.0+builtin.bao" path=cubbyhole/ namespace="ID: root. Path: "
2025-12-18T21:39:33.754-0500 [INFO]  core: reading transactional auth mount table
2025-12-18T21:39:33.754-0500 [INFO]  core: successfully mounted: type=token version="v2.0.0+builtin.bao" path=token/ namespace="ID: root. Path: "
2025-12-18T21:39:33.754-0500 [INFO]  rollback: Starting the rollback manager with 256 workers
2025-12-18T21:39:33.754-0500 [INFO]  rollback: starting rollback manager
2025-12-18T21:39:33.754-0500 [INFO]  core: restoring leases
2025-12-18T21:39:33.754-0500 [INFO]  identity: entities restored
2025-12-18T21:39:33.754-0500 [INFO]  identity: groups restored
2025-12-18T21:39:33.755-0500 [INFO]  expiration: lease restore complete
2025-12-18T21:39:33.755-0500 [INFO]  core: post-unseal setup complete
2025-12-18T21:39:33.755-0500 [INFO]  core: vault is unsealed
2025-12-18T21:39:33.756-0500 [INFO]  expiration: revoked lease: lease_id=auth/token/root/he30ae832bc3b26d46fe2d486fc191e1ea9dda82e5501096cfd438a8a3c6b1b59
2025-12-18T21:39:33.759-0500 [INFO]  core: successful mount: namespace="" path=secret/ type=kv version=""
2025-12-18T21:39:33.759-0500 [INFO]  secrets.kv.kv_b9bd98f8: collecting keys to upgrade
2025-12-18T21:39:33.759-0500 [INFO]  secrets.kv.kv_b9bd98f8: done collecting keys: num_keys=1
2025-12-18T21:39:33.759-0500 [INFO]  secrets.kv.kv_b9bd98f8: upgrading keys finished
WARNING! dev mode is enabled! In this mode, OpenBao runs entirely in-memory
and starts unsealed with a single unseal key. The root token is already
authenticated to the CLI, so you can immediately begin using OpenBao.

You may need to set the following environment variables:

    $ export BAO_ADDR='http://127.0.0.1:8200'

The unseal key and root token are displayed below in case you want to
seal/unseal the Vault or re-authenticate.

Unseal Key: wwV9aq5GDIVyhGis/nhK7IxsQJH9bZhs4ZszPW4kg/c=
Root Token: root

Development mode should NOT be used in production installations!

2025-12-18T21:39:43.652-0500 [INFO]  core: successful mount: namespace="" path=transit/ type=transit version=""
==> OpenBao shutdown triggered
2025-12-18T21:39:44.739-0500 [INFO]  core: marked as sealed
2025-12-18T21:39:44.740-0500 [INFO]  core: pre-seal teardown starting
2025-12-18T21:39:44.740-0500 [INFO]  rollback: stopping rollback manager
2025-12-18T21:39:44.740-0500 [INFO]  core: pre-seal teardown complete
2025-12-18T21:39:44.740-0500 [INFO]  core: stopping cluster listeners
2025-12-18T21:39:44.740-0500 [INFO]  core.cluster-listener: forwarding rpc listeners stopped
2025-12-18T21:39:44.771-0500 [INFO]  core.cluster-listener: rpc listeners successfully shut down
2025-12-18T21:39:44.771-0500 [INFO]  core: cluster listeners successfully shut down
2025-12-18T21:39:44.771-0500 [INFO]  core: vault is sealed
